<?xml version='1.0' encoding='utf-8'?>
<UANodeSet xmlns="http://opcfoundation.org/UA/2011/03/UANodeSet.xsd">
  <NamespaceUris>
    <Uri>https://www.systerel.fr/S2OPC/test/temperature</Uri>
  </NamespaceUris>
  <Models>
    <Model ModelUri="http://opcfoundation.org/UA/" Version="1.05" PublicationDate="2019-05-01T00:00:00Z" />
    <Model ModelUri="https://www.systerel.fr/S2OPC/test/temperature" Version="1.0.0" PublicationDate="2023-04-01T00:00:00Z">
      <RequiredModel ModelUri="http://opcfoundation.org/UA/" Version="1.05" PublicationDate="2019-05-01T00:00:00Z" />
    </Model>
  </Models>
  <Aliases>
    <Alias Alias="Boolean">i=1</Alias>
    <Alias Alias="Byte">i=3</Alias>
    <Alias Alias="Int32">i=6</Alias>
    <Alias Alias="UInt32">i=7</Alias>
    <Alias Alias="String">i=12</Alias>
    <Alias Alias="Guid">i=14</Alias>
    <Alias Alias="XmlElement">i=16</Alias>
    <Alias Alias="NodeId">i=17</Alias>
    <Alias Alias="ExpandedNodeId">i=18</Alias>
    <Alias Alias="QualifiedName">i=20</Alias>
    <Alias Alias="LocalizedText">i=21</Alias>
    <Alias Alias="Number">i=26</Alias>
    <Alias Alias="Integer">i=27</Alias>
    <Alias Alias="UInteger">i=28</Alias>
    <Alias Alias="HasComponent">i=47</Alias>
    <Alias Alias="HasProperty">i=46</Alias>
    <Alias Alias="Organizes">i=35</Alias>
    <Alias Alias="HasSubtype">i=45</Alias>
    <Alias Alias="HasTypeDefinition">i=40</Alias>
    <Alias Alias="ByteString">i=15</Alias>
    <Alias Alias="DateTime">i=13</Alias>
    <Alias Alias="Double">i=11</Alias>
    <Alias Alias="Float">i=10</Alias>
    <Alias Alias="HasDescription">i=39</Alias>
    <Alias Alias="HasEncoding">i=38</Alias>
    <Alias Alias="HasEventSource">i=36</Alias>
    <Alias Alias="HasModellingRule">i=37</Alias>
    <Alias Alias="HasNotifier">i=48</Alias>
    <Alias Alias="Int16">i=4</Alias>
    <Alias Alias="Int64">i=8</Alias>
    <Alias Alias="SByte">i=2</Alias>
    <Alias Alias="StatusCode">i=19</Alias>
    <Alias Alias="Structure">i=22</Alias>
    <Alias Alias="UInt16">i=5</Alias>
    <Alias Alias="UInt64">i=9</Alias>
  </Aliases>
  <UAReferenceType BrowseName="References" IsAbstract="true" NodeId="i=31" Symmetric="true">
    <DisplayName>References</DisplayName>
    <Description>The abstract base type for all references.</Description>
    <References>
      <Reference ReferenceType="HasSubtype">i=32</Reference>
    </References>
  </UAReferenceType>
  <UAReferenceType BrowseName="NonHierarchicalReferences" IsAbstract="true" NodeId="i=32">
    <DisplayName>NonHierarchicalReferences</DisplayName>
    <Description>The abstract base type for all non-hierarchical references.</Description>
    <References>
      <Reference IsForward="false" ReferenceType="HasSubtype">i=31</Reference>
      <Reference ReferenceType="HasSubtype">i=40</Reference>
    </References>
    <InverseName>NonHierarchicalReferences</InverseName>
  </UAReferenceType>
  <UAReferenceType BrowseName="HasTypeDefinition" NodeId="i=40">
    <DisplayName>HasTypeDefinition</DisplayName>
    <Description>The type for references from a instance node its type definition node.</Description>
    <References>
      <Reference IsForward="false" ReferenceType="HasSubtype">i=32</Reference>
    </References>
    <InverseName>TypeDefinitionOf</InverseName>
  </UAReferenceType>
  <UAObject BrowseName="Mandatory" NodeId="i=78" SymbolicName="ModellingRule_Mandatory">
    <DisplayName>Mandatory</DisplayName>
    <References>
      </References>
  </UAObject>
  <UAObject BrowseName="Optional" NodeId="i=80" SymbolicName="ModellingRule_Optional">
    <DisplayName>Optional</DisplayName>
    <References>
      </References>
  </UAObject>
</UANodeSet>