<?xml version='1.0' encoding='utf-8'?>
<UANodeSet xmlns="http://opcfoundation.org/UA/2011/03/UANodeSet.xsd" xmlns:uax="http://opcfoundation.org/UA/2008/02/Types.xsd">
  <NamespaceUris>
    <Uri>https://www.systerel.fr/S2OPC/test/temperature</Uri>
  </NamespaceUris>
  <Models>
    <Model ModelUri="http://opcfoundation.org/UA/" Version="1.05" PublicationDate="2019-05-01T00:00:00Z" />
    <Model ModelUri="https://www.systerel.fr/S2OPC/test/temperature" Version="1.0.0" PublicationDate="2023-04-01T00:00:00Z">
      <RequiredModel ModelUri="http://opcfoundation.org/UA/" Version="1.05" PublicationDate="2019-05-01T00:00:00Z" />
    </Model>
  </Models>
  <Aliases>
    <Alias Alias="Boolean">i=1</Alias>
    <Alias Alias="Byte">i=3</Alias>
    <Alias Alias="Int32">i=6</Alias>
    <Alias Alias="UInt32">i=7</Alias>
    <Alias Alias="String">i=12</Alias>
    <Alias Alias="Guid">i=14</Alias>
    <Alias Alias="XmlElement">i=16</Alias>
    <Alias Alias="NodeId">i=17</Alias>
    <Alias Alias="ExpandedNodeId">i=18</Alias>
    <Alias Alias="QualifiedName">i=20</Alias>
    <Alias Alias="LocalizedText">i=21</Alias>
    <Alias Alias="Number">i=26</Alias>
    <Alias Alias="Integer">i=27</Alias>
    <Alias Alias="UInteger">i=28</Alias>
    <Alias Alias="HasComponent">i=47</Alias>
    <Alias Alias="HasProperty">i=46</Alias>
    <Alias Alias="Organizes">i=35</Alias>
    <Alias Alias="HasSubtype">i=45</Alias>
    <Alias Alias="HasTypeDefinition">i=40</Alias>
    <Alias Alias="ByteString">i=15</Alias>
    <Alias Alias="DateTime">i=13</Alias>
    <Alias Alias="Double">i=11</Alias>
    <Alias Alias="Float">i=10</Alias>
    <Alias Alias="HasDescription">i=39</Alias>
    <Alias Alias="HasEncoding">i=38</Alias>
    <Alias Alias="HasEventSource">i=36</Alias>
    <Alias Alias="HasModellingRule">i=37</Alias>
    <Alias Alias="HasNotifier">i=48</Alias>
    <Alias Alias="Int16">i=4</Alias>
    <Alias Alias="Int64">i=8</Alias>
    <Alias Alias="SByte">i=2</Alias>
    <Alias Alias="StatusCode">i=19</Alias>
    <Alias Alias="Structure">i=22</Alias>
    <Alias Alias="UInt16">i=5</Alias>
    <Alias Alias="UInt64">i=9</Alias>
    <Alias Alias="UsedAliasGrandChildReferenceType">ns=1;i=15044</Alias>
  </Aliases>
  <UADataType BrowseName="BaseDataType" IsAbstract="true" NodeId="i=24">
    <DisplayName>BaseDataType</DisplayName>
    <Description>Describes a value that can have any valid DataType.</Description>
    <References>
      <Reference IsForward="false" ReferenceType="Organizes">i=86</Reference>
      <Reference ReferenceType="HasSubtype">i=26</Reference>
      <Reference ReferenceType="HasSubtype">i=1</Reference>
      <Reference ReferenceType="HasSubtype">i=12</Reference>
      <Reference ReferenceType="HasSubtype">i=16</Reference>
      <Reference ReferenceType="HasSubtype">i=17</Reference>
      <Reference ReferenceType="HasSubtype">i=18</Reference>
      <Reference ReferenceType="HasSubtype">ns=1;i=15032</Reference>
    </References>
  </UADataType>
  <UADataType BrowseName="Number" IsAbstract="true" NodeId="i=26">
    <DisplayName>Number</DisplayName>
    <Description>Describes a value that can have any numeric DataType.</Description>
    <References>
      <Reference IsForward="false" ReferenceType="HasSubtype">i=24</Reference>
      <Reference ReferenceType="HasSubtype">i=27</Reference>
      <Reference ReferenceType="HasSubtype">i=28</Reference>
    </References>
  </UADataType>
  <UADataType BrowseName="Integer" IsAbstract="true" NodeId="i=27">
    <DisplayName>Integer</DisplayName>
    <Description>Describes a value that can have any integer DataType.</Description>
    <References>
      <Reference IsForward="false" ReferenceType="HasSubtype">i=26</Reference>
      <Reference ReferenceType="HasSubtype">i=6</Reference>
    </References>
  </UADataType>
  <UADataType BrowseName="UInteger" IsAbstract="true" NodeId="i=28">
    <DisplayName>UInteger</DisplayName>
    <Description>Describes a value that can have any unsigned integer DataType.</Description>
    <References>
      <Reference IsForward="false" ReferenceType="HasSubtype">i=26</Reference>
      <Reference ReferenceType="HasSubtype">i=7</Reference>
    </References>
  </UADataType>
  <UADataType BrowseName="Boolean" NodeId="i=1">
    <DisplayName>Boolean</DisplayName>
    <Description>Describes a value that is either TRUE or FALSE.</Description>
    <References>
      <Reference IsForward="false" ReferenceType="HasSubtype">i=24</Reference>
      <Reference ReferenceType="ns=1;i=15043" IsForward="false">ns=1;i=15002</Reference>
      <Reference ReferenceType="UsedAliasGrandChildReferenceType" IsForward="false">ns=1;i=15006</Reference>
    </References>
  </UADataType>
  <UADataType BrowseName="Int32" NodeId="i=6">
    <DisplayName>Int32</DisplayName>
    <Description>Describes a value that is an integer between âˆ’2,147,483,648  and 2,147,483,647.</Description>
    <References>
      <Reference IsForward="false" ReferenceType="HasSubtype">i=27</Reference>
    </References>
  </UADataType>
  <UADataType BrowseName="UInt32" NodeId="i=7">
    <DisplayName>UInt32</DisplayName>
    <Description>Describes a value that is an integer between 0 and 4,294,967,295.</Description>
    <References>
      <Reference IsForward="false" ReferenceType="HasSubtype">i=28</Reference>
    </References>
  </UADataType>
  <UADataType BrowseName="String" NodeId="i=12">
    <DisplayName>String</DisplayName>
    <Description>Describes a value that is a sequence of printable Unicode characters.</Description>
    <References>
      <Reference IsForward="false" ReferenceType="HasSubtype">i=24</Reference>
    </References>
  </UADataType>
  <UADataType BrowseName="XmlElement" NodeId="i=16">
    <DisplayName>XmlElement</DisplayName>
    <Description>Describes a value that is an XML element.</Description>
    <References>
      <Reference IsForward="false" ReferenceType="HasSubtype">i=24</Reference>
    </References>
  </UADataType>
  <UADataType BrowseName="NodeId" NodeId="i=17">
    <DisplayName>NodeId</DisplayName>
    <Description>Describes a value that is an identifier for a node within a Server address space.</Description>
    <References>
      <Reference IsForward="false" ReferenceType="HasSubtype">i=24</Reference>
    </References>
  </UADataType>
  <UADataType BrowseName="ExpandedNodeId" NodeId="i=18">
    <DisplayName>ExpandedNodeId</DisplayName>
    <Description>Describes a value that is an absolute identifier for a node.</Description>
    <References>
      <Reference IsForward="false" ReferenceType="HasSubtype">i=24</Reference>
    </References>
  </UADataType>
  <UAReferenceType BrowseName="References" IsAbstract="true" NodeId="i=31" Symmetric="true">
    <DisplayName>References</DisplayName>
    <Description>The abstract base type for all references.</Description>
    <References>
      <Reference ReferenceType="HasSubtype">i=32</Reference>
    </References>
  </UAReferenceType>
  <UAReferenceType BrowseName="NonHierarchicalReferences" IsAbstract="true" NodeId="i=32">
    <DisplayName>NonHierarchicalReferences</DisplayName>
    <Description>The abstract base type for all non-hierarchical references.</Description>
    <References>
      <Reference IsForward="false" ReferenceType="HasSubtype">i=31</Reference>
      <Reference ReferenceType="HasSubtype">i=40</Reference>
    </References>
    <InverseName>NonHierarchicalReferences</InverseName>
  </UAReferenceType>
  <UAReferenceType BrowseName="HasTypeDefinition" NodeId="i=40">
    <DisplayName>HasTypeDefinition</DisplayName>
    <Description>The type for references from a instance node its type definition node.</Description>
    <References>
      <Reference IsForward="false" ReferenceType="HasSubtype">i=32</Reference>
    </References>
    <InverseName>TypeDefinitionOf</InverseName>
  </UAReferenceType>
  <UAVariableType BrowseName="PropertyType" NodeId="i=68" ValueRank="-2">
    <DisplayName>PropertyType</DisplayName>
    <Description>The type for variable that represents a property of another node.</Description>
    <References>
      <Reference IsForward="false" ReferenceType="HasSubtype">i=62</Reference>
      <Reference ReferenceType="HasTypeDefinition" IsForward="false">i=2254</Reference>
      <Reference ReferenceType="HasTypeDefinition" IsForward="false">i=2255</Reference>
      <Reference ReferenceType="HasTypeDefinition" IsForward="false">i=2366</Reference>
      <Reference ReferenceType="HasTypeDefinition" IsForward="false">i=2367</Reference>
      <Reference ReferenceType="HasTypeDefinition" IsForward="false">i=17567</Reference>
      <Reference ReferenceType="HasTypeDefinition" IsForward="false">i=17568</Reference>
      <Reference ReferenceType="HasTypeDefinition" IsForward="false">i=17569</Reference>
      <Reference ReferenceType="HasTypeDefinition" IsForward="false">i=2369</Reference>
      <Reference ReferenceType="HasTypeDefinition" IsForward="false">ns=1;i=15006</Reference>
      <Reference ReferenceType="HasTypeDefinition" IsForward="false">ns=1;i=15007</Reference>
    </References>
  </UAVariableType>
  <UAObjectType BrowseName="BaseObjectType" NodeId="i=58">
    <DisplayName>BaseObjectType</DisplayName>
    <Description>The base type for all object nodes.</Description>
    <References>
      <Reference ReferenceType="HasSubtype">i=61</Reference>
      <Reference ReferenceType="HasSubtype">i=77</Reference>
      <Reference ReferenceType="HasSubtype">ns=1;i=15001</Reference>
      <Reference ReferenceType="Organizes" IsForward="false">i=88</Reference>
    </References>
  </UAObjectType>
  <UAObjectType BrowseName="FolderType" NodeId="i=61">
    <DisplayName>FolderType</DisplayName>
    <Description>The type for objects that organize other nodes.</Description>
    <References>
      <Reference IsForward="false" ReferenceType="HasSubtype">i=58</Reference>
      <Reference ReferenceType="HasTypeDefinition" IsForward="false">i=84</Reference>
      <Reference ReferenceType="HasTypeDefinition" IsForward="false">i=85</Reference>
      <Reference ReferenceType="HasTypeDefinition" IsForward="false">i=86</Reference>
      <Reference ReferenceType="HasTypeDefinition" IsForward="false">i=88</Reference>
      <Reference ReferenceType="HasTypeDefinition" IsForward="false">i=89</Reference>
      <Reference ReferenceType="HasTypeDefinition" IsForward="false">i=2253</Reference>
      <Reference ReferenceType="HasTypeDefinition" IsForward="false">ns=1;i=15008</Reference>
    </References>
  </UAObjectType>
  <UAVariableType BrowseName="BaseVariableType" IsAbstract="true" NodeId="i=62" ValueRank="-2">
    <DisplayName>BaseVariableType</DisplayName>
    <Description>The abstract base type for all variable nodes.</Description>
    <References>
      <Reference ReferenceType="HasSubtype">i=63</Reference>
      <Reference ReferenceType="HasSubtype">i=68</Reference>
      <Reference ReferenceType="Organizes" IsForward="false">i=89</Reference>
    </References>
  </UAVariableType>
  <UAVariableType BrowseName="BaseDataVariableType" NodeId="i=63" ValueRank="-2">
    <DisplayName>BaseDataVariableType</DisplayName>
    <Description>The type for variable that represents a process value.</Description>
    <References>
      <Reference IsForward="false" ReferenceType="HasSubtype">i=62</Reference>
      <Reference ReferenceType="HasSubtype">i=2365</Reference>
      <Reference ReferenceType="HasTypeDefinition" IsForward="false">i=2261</Reference>
      <Reference ReferenceType="HasTypeDefinition" IsForward="false">i=2294</Reference>
    </References>
  </UAVariableType>
  <UAObjectType BrowseName="ModellingRuleType" NodeId="i=77">
    <DisplayName>ModellingRuleType</DisplayName>
    <References>
      <Reference IsForward="false" ReferenceType="HasSubtype">i=58</Reference>
      <Reference ReferenceType="HasTypeDefinition" IsForward="false">i=78</Reference>
      <Reference ReferenceType="HasTypeDefinition" IsForward="false">i=80</Reference>
    </References>
  </UAObjectType>
  <UAObject BrowseName="Mandatory" NodeId="i=78" SymbolicName="ModellingRule_Mandatory">
    <DisplayName>Mandatory</DisplayName>
    <References>
      <Reference ReferenceType="HasTypeDefinition">i=77</Reference>
      <Reference ReferenceType="HasModellingRule" IsForward="false">i=2369</Reference>
    </References>
  </UAObject>
  <UAObject BrowseName="Optional" NodeId="i=80" SymbolicName="ModellingRule_Optional">
    <DisplayName>Optional</DisplayName>
    <References>
      <Reference ReferenceType="HasTypeDefinition">i=77</Reference>
      <Reference ReferenceType="HasModellingRule" IsForward="false">i=2366</Reference>
      <Reference ReferenceType="HasModellingRule" IsForward="false">i=2367</Reference>
      <Reference ReferenceType="HasModellingRule" IsForward="false">i=17567</Reference>
      <Reference ReferenceType="HasModellingRule" IsForward="false">i=17568</Reference>
      <Reference ReferenceType="HasModellingRule" IsForward="false">i=17569</Reference>
      <Reference ReferenceType="HasModellingRule" IsForward="false">ns=1;i=15007</Reference>
    </References>
  </UAObject>
  <UAObject BrowseName="Root" NodeId="i=84" SymbolicName="RootFolder">
    <DisplayName>Root</DisplayName>
    <Description>The root of the server address space.</Description>
    <References>
      <Reference ReferenceType="Organizes">i=85</Reference>
      <Reference ReferenceType="Organizes">i=86</Reference>
      <Reference ReferenceType="HasTypeDefinition">i=61</Reference>
    </References>
  </UAObject>
  <UAObject BrowseName="Objects" NodeId="i=85" SymbolicName="ObjectsFolder">
    <DisplayName>Objects</DisplayName>
    <Description>The browse entry point when looking for objects in the server address space.</Description>
    <References>
      <Reference ReferenceType="Organizes">i=2253</Reference>
      <Reference IsForward="false" ReferenceType="Organizes">i=84</Reference>
      <Reference ReferenceType="HasTypeDefinition">i=61</Reference>
      <Reference ReferenceType="Organizes">ns=1;i=15008</Reference>
    </References>
  </UAObject>
  <UAObject BrowseName="Types" NodeId="i=86" SymbolicName="TypesFolder">
    <DisplayName>Types</DisplayName>
    <Description>The browse entry point when looking for types in the server address space.</Description>
    <References>
      <Reference IsForward="false" ReferenceType="Organizes">i=84</Reference>
      <Reference ReferenceType="Organizes">i=88</Reference>
      <Reference ReferenceType="Organizes">i=89</Reference>
      <Reference ReferenceType="HasTypeDefinition">i=61</Reference>
      <Reference ReferenceType="Organizes">i=24</Reference>
    </References>
  </UAObject>
  <UAObject BrowseName="ObjectTypes" NodeId="i=88" SymbolicName="ObjectTypesFolder">
    <DisplayName>ObjectTypes</DisplayName>
    <Description>The browse entry point when looking for object types in the server address space.</Description>
    <References>
      <Reference IsForward="false" ReferenceType="Organizes">i=86</Reference>
      <Reference ReferenceType="Organizes">i=58</Reference>
      <Reference ReferenceType="HasTypeDefinition">i=61</Reference>
    </References>
  </UAObject>
  <UAObject BrowseName="VariableTypes" NodeId="i=89" SymbolicName="VariableTypesFolder">
    <DisplayName>VariableTypes</DisplayName>
    <Description>The browse entry point when looking for variable types in the server address space.</Description>
    <References>
      <Reference IsForward="false" ReferenceType="Organizes">i=86</Reference>
      <Reference ReferenceType="Organizes">i=62</Reference>
      <Reference ReferenceType="HasTypeDefinition">i=61</Reference>
    </References>
  </UAObject>
  <UAObject BrowseName="Server" NodeId="i=2253">
    <DisplayName>Server</DisplayName>
    <Description>Describes this OPC-UA Server</Description>
    <References>
      <Reference ReferenceType="HasProperty">i=2261</Reference>
      <Reference IsForward="false" ReferenceType="Organizes">i=85</Reference>
      <Reference ReferenceType="HasTypeDefinition">i=61</Reference>
      <Reference ReferenceType="HasProperty">i=2254</Reference>
      <Reference ReferenceType="HasProperty">i=2255</Reference>
    </References>
  </UAObject>
  <UAVariable ArrayDimensions="0" BrowseName="ServerArray" DataType="String" MinimumSamplingInterval="1000" NodeId="i=2254" ParentNodeId="i=2253" ValueRank="1">
    <DisplayName>ServerArray</DisplayName>
    <References>
      <Reference ReferenceType="HasTypeDefinition">i=68</Reference>
      <Reference IsForward="false" ReferenceType="HasProperty">i=2253</Reference>
    </References>
    <Value>
      <uax:ListOfString>
        <uax:String>https://www.systerel.fr/S2OPC/test/temperature</uax:String>
      </uax:ListOfString>
    </Value>
  </UAVariable>
  <UAVariable ArrayDimensions="0" BrowseName="NamespaceArray" DataType="String" MinimumSamplingInterval="1000" NodeId="i=2255" ParentNodeId="i=2253" ValueRank="1">
    <DisplayName>NamespaceArray</DisplayName>
    <References>
      <Reference ReferenceType="HasTypeDefinition">i=68</Reference>
      <Reference IsForward="false" ReferenceType="HasProperty">i=2253</Reference>
    </References>
    <Value>
      <uax:ListOfString>
        <uax:String>http://opcfoundation.org/UA/</uax:String>
        <uax:String>https://www.systerel.fr/S2OPC/test/temperature</uax:String>
      </uax:ListOfString>
    </Value>
  </UAVariable>
  <UAVariableType BrowseName="DataItemType" NodeId="i=2365" ValueRank="-2">
    <DisplayName>DataItemType</DisplayName>
    <References>
      <Reference ReferenceType="HasProperty">i=2366</Reference>
      <Reference ReferenceType="HasProperty">i=2367</Reference>
      <Reference IsForward="false" ReferenceType="HasSubtype">i=63</Reference>
      <Reference ReferenceType="HasSubtype">i=15318</Reference>
    </References>
  </UAVariableType>
  <UAVariable BrowseName="Definition" DataType="String" NodeId="i=2366" ParentNodeId="i=2365">
    <DisplayName>Definition</DisplayName>
    <References>
      <Reference ReferenceType="HasTypeDefinition">i=68</Reference>
      <Reference ReferenceType="HasModellingRule">i=80</Reference>
      <Reference IsForward="false" ReferenceType="HasProperty">i=2365</Reference>
    </References>
  </UAVariable>
  <UAVariable BrowseName="ValuePrecision" DataType="Double" NodeId="i=2367" ParentNodeId="i=2365">
    <DisplayName>ValuePrecision</DisplayName>
    <References>
      <Reference ReferenceType="HasTypeDefinition">i=68</Reference>
      <Reference ReferenceType="HasModellingRule">i=80</Reference>
      <Reference IsForward="false" ReferenceType="HasProperty">i=2365</Reference>
    </References>
  </UAVariable>
  <UAVariableType NodeId="i=15318" BrowseName="BaseAnalogType" DataType="Number" ValueRank="-2">
    <DisplayName>BaseAnalogType</DisplayName>
    <References>
      <Reference ReferenceType="HasProperty">i=17567</Reference>
      <Reference ReferenceType="HasProperty">i=17568</Reference>
      <Reference ReferenceType="HasProperty">i=17569</Reference>
      <Reference IsForward="false" ReferenceType="HasSubtype">i=2365</Reference>
      <Reference ReferenceType="HasSubtype">i=2368</Reference>
    </References>
  </UAVariableType>
  <UAVariable BrowseName="InstrumentRange" DataType="i=884" NodeId="i=17567" ParentNodeId="i=15318">
    <DisplayName>InstrumentRange</DisplayName>
    <References>
      <Reference ReferenceType="HasTypeDefinition">i=68</Reference>
      <Reference ReferenceType="HasModellingRule">i=80</Reference>
      <Reference IsForward="false" ReferenceType="HasProperty">i=15318</Reference>
    </References>
  </UAVariable>
  <UAVariable BrowseName="EURange" DataType="i=884" NodeId="i=17568" ParentNodeId="i=15318">
    <DisplayName>EURange</DisplayName>
    <References>
      <Reference ReferenceType="HasTypeDefinition">i=68</Reference>
      <Reference ReferenceType="HasModellingRule">i=80</Reference>
      <Reference IsForward="false" ReferenceType="HasProperty">i=15318</Reference>
    </References>
  </UAVariable>
  <UAVariable BrowseName="EngineeringUnits" DataType="i=887" NodeId="i=17569" ParentNodeId="i=15318">
    <DisplayName>EngineeringUnits</DisplayName>
    <References>
      <Reference ReferenceType="HasTypeDefinition">i=68</Reference>
      <Reference ReferenceType="HasModellingRule">i=80</Reference>
      <Reference IsForward="false" ReferenceType="HasProperty">i=15318</Reference>
    </References>
  </UAVariable>
  <UAVariableType BrowseName="AnalogItemType" DataType="Number" NodeId="i=2368" ValueRank="-2">
    <DisplayName>AnalogItemType</DisplayName>
    <References>
      <Reference ReferenceType="HasProperty">i=2369</Reference>
      <Reference IsForward="false" ReferenceType="HasSubtype">i=15318</Reference>
      <Reference ReferenceType="HasTypeDefinition" IsForward="false">ns=1;i=15002</Reference>
      <Reference ReferenceType="HasTypeDefinition" IsForward="false">ns=1;i=15017</Reference>
    </References>
  </UAVariableType>
  <UAVariable BrowseName="EURange" DataType="i=884" NodeId="i=2369" ParentNodeId="i=2368">
    <DisplayName>EURange</DisplayName>
    <References>
      <Reference ReferenceType="HasTypeDefinition">i=68</Reference>
      <Reference ReferenceType="HasModellingRule">i=78</Reference>
      <Reference IsForward="false" ReferenceType="HasProperty">i=2368</Reference>
    </References>
  </UAVariable>
  <UAVariable BrowseName="ProductName" DataType="String" NodeId="i=2261">
    <DisplayName>ProductName</DisplayName>
    <References>
      <Reference ReferenceType="HasProperty">i=2294</Reference>
      <Reference ReferenceType="HasTypeDefinition">i=63</Reference>
      <Reference ReferenceType="HasProperty" IsForward="false">i=2253</Reference>
    </References>
  </UAVariable>
  <UAVariable BrowseName="Enabled" DataType="Boolean" NodeId="i=2294">
    <DisplayName>Enabled</DisplayName>
    <References>
      <Reference IsForward="false" ReferenceType="HasProperty">i=2261</Reference>
      <Reference ReferenceType="HasTypeDefinition">i=63</Reference>
    </References>
  </UAVariable>
  <UAObjectType NodeId="ns=1;i=15001" BrowseName="1:Sensor">
    <DisplayName>Sensor</DisplayName>
    <References>
      <Reference ReferenceType="HasComponent">ns=1;i=15002</Reference>
      <Reference ReferenceType="HasSubtype" IsForward="false">i=58</Reference>
      <Reference ReferenceType="HasTypeDefinition" IsForward="false">ns=1;i=15016</Reference>
    </References>
  </UAObjectType>
  <UAVariable NodeId="ns=1;i=15002" BrowseName="1:Temperature" ParentNodeId="ns=1;i=15001" DataType="Double">
    <DisplayName>Temperature</DisplayName>
    <References>
      <Reference ReferenceType="HasProperty">ns=1;i=15006</Reference>
      <Reference ReferenceType="HasProperty">ns=1;i=15007</Reference>
      <Reference ReferenceType="HasTypeDefinition">i=2368</Reference>
      <Reference ReferenceType="ns=1;i=15043">i=1</Reference>
      <Reference ReferenceType="HasComponent" IsForward="false">ns=1;i=15001</Reference>
    </References>
  </UAVariable>
  <UAVariable NodeId="ns=1;i=15006" BrowseName="EURange" ParentNodeId="ns=1;i=15002" DataType="i=884">
    <DisplayName>EURange</DisplayName>
    <References>
      <Reference ReferenceType="HasTypeDefinition">i=68</Reference>
      <Reference ReferenceType="UsedAliasGrandChildReferenceType">i=1</Reference>
      <Reference ReferenceType="HasProperty" IsForward="false">ns=1;i=15002</Reference>
    </References>
  </UAVariable>
  <UAVariable NodeId="ns=1;i=15007" BrowseName="1:EngineeringUnits" ParentNodeId="ns=1;i=15002" DataType="i=887">
    <DisplayName>EngineeringUnits</DisplayName>
    <References>
      <Reference ReferenceType="HasTypeDefinition">i=68</Reference>
      <Reference ReferenceType="HasModellingRule">i=80</Reference>
      <Reference ReferenceType="HasProperty" IsForward="false">ns=1;i=15002</Reference>
    </References>
  </UAVariable>
  <UAObject NodeId="ns=1;i=15008" BrowseName="1:Sensors">
    <DisplayName>Sensors</DisplayName>
    <Description>A set of sensors.</Description>
    <References>
      <Reference ReferenceType="HasComponent">ns=1;i=15016</Reference>
      <Reference ReferenceType="Organizes" IsForward="false">i=85</Reference>
      <Reference ReferenceType="HasTypeDefinition">i=61</Reference>
    </References>
  </UAObject>
  <UAObject NodeId="ns=1;i=15016" BrowseName="1:AirSensor" ParentNodeId="ns=1;i=15008">
    <DisplayName>AirSensor</DisplayName>
    <References>
      <Reference ReferenceType="HasComponent">ns=1;i=15017</Reference>
      <Reference ReferenceType="HasTypeDefinition">ns=1;i=15001</Reference>
      <Reference ReferenceType="HasComponent" IsForward="false">ns=1;i=15008</Reference>
    </References>
  </UAObject>
  <UAVariable NodeId="ns=1;i=15017" BrowseName="1:Temperature" ParentNodeId="ns=1;i=15016" DataType="ns=1;i=15050">
    <DisplayName>Temperature</DisplayName>
    <References>
      <Reference ReferenceType="HasProperty">ns=1;i=15021</Reference>
      <Reference ReferenceType="HasTypeDefinition">i=2368</Reference>
      <Reference ReferenceType="HasComponent" IsForward="false">ns=1;i=15016</Reference>
    </References>
  </UAVariable>
  <UAVariable NodeId="ns=1;i=15021" BrowseName="EURange" ParentNodeId="ns=1;i=15017" DataType="i=884">
    <DisplayName>EURange</DisplayName>
    <References>
      <Reference ReferenceType="HasTypeDefinition">ns=1;i=15035</Reference>
      <Reference ReferenceType="HasProperty" IsForward="false">ns=1;i=15017</Reference>
    </References>
  </UAVariable>
  <UAObjectType NodeId="ns=1;i=15030" BrowseName="1:UnusedObjType">
    <DisplayName>Unused Object Type</DisplayName>
    <References>
    </References>
  </UAObjectType>
  <UADataType NodeId="ns=1;i=15032" BrowseName="1:AbstractDataType" IsAbstract="true">
    <DisplayName>Abstract Data Type</DisplayName>
    <References>
      <Reference ReferenceType="HasSubtype" IsForward="false">i=24</Reference>
      <Reference ReferenceType="HasSubtype">ns=1;i=15033</Reference>
      <Reference ReferenceType="HasSubtype">ns=1;i=15050</Reference>
    </References>
    <Definition Name="AbstractDataType" />
  </UADataType>
  <UADataType NodeId="ns=1;i=15033" BrowseName="1:UnusedChildDataType">
    <DisplayName>Unused Child Data Type</DisplayName>
    <References>
      <Reference ReferenceType="HasSubtype" IsForward="false">ns=1;i=15032</Reference>
    </References>
  </UADataType>
  <UAVariableType NodeId="ns=1;i=15034" BrowseName="1:UnusedVarType">
    <DisplayName>Unused Variable Type</DisplayName>
    <References>
    </References>
  </UAVariableType>
  <UAVariableType NodeId="ns=1;i=15035" BrowseName="1:UsedVarType">
    <DisplayName>Used Variable Type</DisplayName>
    <References>
      <Reference ReferenceType="HasTypeDefinition" IsForward="false">ns=1;i=15021</Reference>
    </References>
  </UAVariableType>
  <UAReferenceType NodeId="ns=1;i=15040" BrowseName="1:AbstractReferenceType" IsAbstract="true" Symmetric="true">
    <DisplayName>Abstract Reference Type</DisplayName>
    <References>
      <Reference ReferenceType="HasSubtype">ns=1;i=15041</Reference>
    </References>
  </UAReferenceType>
  <UAReferenceType NodeId="ns=1;i=15041" BrowseName="1:PartlyUsedChildReferenceType" IsAbstract="true">
    <DisplayName>Partly Used Child Abstract Reference Type</DisplayName>
    <References>
      <Reference ReferenceType="HasSubtype" IsForward="false">ns=1;i=15040</Reference>
      <Reference ReferenceType="HasSubtype">ns=1;i=15042</Reference>
      <Reference ReferenceType="HasSubtype">ns=1;i=15043</Reference>
      <Reference ReferenceType="HasSubtype">ns=1;i=15044</Reference>
    </References>
    <InverseName>PartlyUsedGrandChildReferenceType</InverseName>
  </UAReferenceType>
  <UAReferenceType NodeId="ns=1;i=15042" BrowseName="1:UnusedGrandChildReferenceType">
    <DisplayName>Unused Grand Child Reference Type</DisplayName>
    <References>
      <Reference ReferenceType="HasSubtype" IsForward="false">ns=1;i=15041</Reference>
    </References>
    <InverseName>StillUnusedGrandChildReferenceType</InverseName>
  </UAReferenceType>
  <UAReferenceType NodeId="ns=1;i=15043" BrowseName="1:UsedNodeIdGrandChildReferenceType">
    <DisplayName>Used by NodeId Grand Child Reference Type</DisplayName>
    <References>
      <Reference ReferenceType="HasSubtype" IsForward="false">ns=1;i=15041</Reference>
    </References>
    <InverseName>InvUsedGrandChildReferenceType</InverseName>
  </UAReferenceType>
  <UAReferenceType NodeId="ns=1;i=15044" BrowseName="1:UsedAliasGrandChildReferenceType">
    <DisplayName>Used by Alias Grand Child Reference Type</DisplayName>
    <References>
      <Reference ReferenceType="HasSubtype" IsForward="false">ns=1;i=15041</Reference>
    </References>
    <InverseName>InvUsedAliasGrandChildReferenceType</InverseName>
  </UAReferenceType>
  <UADataType NodeId="ns=1;i=15050" BrowseName="1:UsedDataType">
    <DisplayName>Used Child Data Type</DisplayName>
    <References>
      <Reference ReferenceType="HasSubtype" IsForward="false">ns=1;i=15032</Reference>
    </References>
  </UADataType>
  <UAObjectType NodeId="ns=1;i=15060" BrowseName="1:UnusedHierarchy0">
    <DisplayName>Unused Hierarchy 0</DisplayName>
    <References>
      <Reference ReferenceType="HasSubtype">ns=1;i=15061</Reference>
    </References>
  </UAObjectType>
  <UAObjectType NodeId="ns=1;i=15061" BrowseName="1:UnusedHierarchy1">
    <DisplayName>Unused Hierarchy 1</DisplayName>
    <References>
      <Reference ReferenceType="HasSubtype" IsForward="false">ns=1;i=15060</Reference>
      <Reference ReferenceType="HasSubtype">ns=1;i=15062</Reference>
      <Reference ReferenceType="HasSubtype">ns=1;i=15063</Reference>
    </References>
  </UAObjectType>
  <UAObjectType NodeId="ns=1;i=15062" BrowseName="1:UnusedHierarchy2">
    <DisplayName>Unused Hierarchy 2</DisplayName>
    <References>
      <Reference ReferenceType="HasSubtype" IsForward="false">ns=1;i=15061</Reference>
    </References>
  </UAObjectType>
  <UAObjectType NodeId="ns=1;i=15063" BrowseName="1:UnusedHierarchy3">
    <DisplayName>Unused Hierarchy 3</DisplayName>
    <References>
      <Reference ReferenceType="HasSubtype" IsForward="false">ns=1;i=15061</Reference>
    </References>
  </UAObjectType>
  <UAObjectType NodeId="ns=1;i=15070" BrowseName="1:UnusedExceptInInstanceDeclaration">
    <DisplayName>Unused Except in InstanceDeclaration</DisplayName>
    <References>
    </References>
  </UAObjectType>
</UANodeSet>